// Jest Snapshot v1, https://goo.gl/fbAQLP

exports[`gutter false 1`] = `
<div
  className="pf-l-gallery"
/>
`;

exports[`gutter true 1`] = `
<div
  className="pf-l-gallery pf-m-gutter"
/>
`;
