// Jest Snapshot v1, https://goo.gl/fbAQLP

exports[`ModalBoxCloseButton Test 1`] = `
<Fragment>
  <Component
    aria-label="Close"
    onClick={[Function]}
    variant="plain"
  >
    <TimesIcon
      color="currentColor"
      size="sm"
      title={null}
    />
  </Component>
</Fragment>
`;
