// Jest Snapshot v1, https://goo.gl/fbAQLP

exports[`hasGutter false 1`] = `
<div
  className="pf-l-grid pf-m-gutter"
/>
`;

exports[`hasGutter true 1`] = `
<div
  className="pf-l-grid pf-m-gutter"
/>
`;
