// Jest Snapshot v1, https://goo.gl/fbAQLP

exports[`adds 2xl offset classes 1`] = `"pf-l-grid__item"`;

exports[`adds 2xl row classes 1`] = `"pf-l-grid__item"`;

exports[`adds 2xl span class 1`] = `"pf-l-grid__item"`;

exports[`adds lg offset classes 1`] = `"pf-l-grid__item"`;

exports[`adds lg row classes 1`] = `"pf-l-grid__item"`;

exports[`adds lg span class 1`] = `"pf-l-grid__item pf-m-4-col-on-lg"`;

exports[`adds md offset classes 1`] = `"pf-l-grid__item"`;

exports[`adds md row classes 1`] = `"pf-l-grid__item"`;

exports[`adds md span class 1`] = `"pf-l-grid__item pf-m-4-col-on-md"`;

exports[`adds offset class 1`] = `"pf-l-grid__item pf-m-offset-4-col"`;

exports[`adds row class 1`] = `"pf-l-grid__item pf-m-4-row"`;

exports[`adds sm offset classes 1`] = `"pf-l-grid__item"`;

exports[`adds sm row classes 1`] = `"pf-l-grid__item"`;

exports[`adds sm span class 1`] = `"pf-l-grid__item pf-m-4-col-on-sm"`;

exports[`adds span class 1`] = `"pf-l-grid__item pf-m-4-col"`;

exports[`adds xl offset classes 1`] = `"pf-l-grid__item"`;

exports[`adds xl row classes 1`] = `"pf-l-grid__item"`;

exports[`adds xl span class 1`] = `"pf-l-grid__item pf-m-4-col-on-xl"`;
