// Jest Snapshot v1, https://goo.gl/fbAQLP

exports[`PageSidebar should match snapshot (auto-generated) 1`] = `
<ContextProvider
  value={
    Object {
      "isNavOpen": true,
    }
  }
>
  <ContextConsumer>
    <Component />
  </ContextConsumer>
</ContextProvider>
`;
